<?xml version="1.0" encoding="UTF-8"?>
<testsuites name="jest tests" tests="7" failures="0" time="3.73">
  <testsuite name="mergeClassNames " errors="0" failures="0" skipped="0" timestamp="2020-07-25T01:43:28" time="1.519" tests="5">
    <testcase classname="mergeClassNames  接受一个 className" name="mergeClassNames  接受一个 className" time="0.003">
    </testcase>
    <testcase classname="mergeClassNames  接受两个 className" name="mergeClassNames  接受两个 className" time="0.001">
    </testcase>
    <testcase classname="mergeClassNames  接受 undefined,结果不会出现 undefined" name="mergeClassNames  接受 undefined,结果不会出现 undefined" time="0">
    </testcase>
    <testcase classname="mergeClassNames  接受多种奇怪值" name="mergeClassNames  接受多种奇怪值" time="0.001">
    </testcase>
    <testcase classname="mergeClassNames  接受0个 className" name="mergeClassNames  接受0个 className" time="0">
    </testcase>
  </testsuite>
  <testsuite name="button" errors="0" failures="0" skipped="0" timestamp="2020-07-25T01:43:29" time="0.155" tests="1">
    <testcase classname="button 是个 div" name="button 是个 div" time="0.011">
    </testcase>
  </testsuite>
  <testsuite name="我的第一个测试用例" errors="0" failures="0" skipped="0" timestamp="2020-07-25T01:43:29" time="0.068" tests="1">
    <testcase classname="我的第一个测试用例 add(1,2) 等于3" name="我的第一个测试用例 add(1,2) 等于3" time="0.001">
    </testcase>
  </testsuite>
</testsuites>